Microchip MPLAB XC8 Compiler V1.11 ()

Linker command line:

--edf=C:\Program Files (x86)\Microchip\xc8\v1.11\dat\en_msgs.txt -cs \
  -h+dist/default/production\logicubes.X.production.sym -z -Q18F27J53 \
  -ol.obj -Mdist/default/production/logicubes.X.production.map -E1 -ver=XC8 \
  -ACODE=00h-01FFF7h -ACONST=00h-01FFF7h \
  -ASMALLCONST=0F00h-0FFFhx496,01FF00h-01FFF7h \
  -AMEDIUMCONST=0F00h-0FFFFh,010F00h-01FFF7h -ACOMRAM=01h-05Fh \
  -AABS1=00h-0EAFh -ABIGRAM=01h-0EAFh \
  -ARAM=060h-0FFh,0100h-01FFhx13,0E00h-0EAFh -ABANK0=060h-0FFh \
  -ABANK1=0100h-01FFh -ABANK2=0200h-02FFh -ABANK3=0300h-03FFh \
  -ABANK4=0400h-04FFh -ABANK5=0500h-05FFh -ABANK6=0600h-06FFh \
  -ABANK7=0700h-07FFh -ABANK8=0800h-08FFh -ABANK9=0900h-09FFh \
  -ABANK10=0A00h-0AFFh -ABANK11=0B00h-0BFFh -ABANK12=0C00h-0CFFh \
  -ABANK13=0D00h-0DFFh -ABANK14=0E00h-0EAFh \
  -ASFR=0EB0h-0EFFh,0F00h-0F5Fh,0F60h-0FFFh \
  -preset_vec=00h,intcode=08h,intcodelo,powerup,init,end_init \
  -pramtop=0F00h -psmallconst=SMALLCONST -pmediumconst=MEDIUMCONST \
  -pconst=CONST -AFARRAM=00h-00h -ACONFIG=01FFF8h-01FFFFh -pconfig=CONFIG \
  -pjflash_buffer=01F800h \
  -prdata=COMRAM,nvrram=COMRAM,nvbit=COMRAM,rbss=COMRAM,rbit=COMRAM \
  -pfarbss=FARRAM,fardata=FARRAM \
  -pintsave_regs=BIGRAM,bigbss=BIGRAM,bigdata=BIGRAM -pbss=RAM \
  -pidata=CODE,irdata=CODE,ibigdata=CODE,ifardata=CODE \
  C:\Users\16499\AppData\Local\Temp\s2jg.obj \
  dist/default/production\logicubes.X.production.obj 

Object code version is 3.10

Machine type is 18F27J53

Call graph: (short form)




                Name                               Link     Load   Length Selector   Space Scale
C:\Users\16499\AppData\Local\Temp\s2jg.obj
                end_init                             C0       C0        4        4       0
                reset_vec                             0        0        4        0       0
                config                            1FFF8    1FFF8        8    1FFF8       0
dist/default/production\logicubes.X.production.obj
                intcode                               8        8       B8        4       0
                text11                              4D2      4D2       64        4       0
                text10                              67A      67A       12        4       0
                text9                               2C4      2C4      126        4       0
                text8                               536      536       60        4       0
                text7                               460      460       72        4       0
                text6                               62E      62E       24        4       0
                text5                               6A2      6A2        2        4       0
                text4                               69C      69C        6        4       0
                text3                               596      596       50        4       0
                text2                                C4       C4      200        4       0
                text1                               68C      68C       10        4       0
                text0                               3EA      3EA       76        4       0
                cstackCOMRAM                          1        1       42        1       1
                dataBANK0                            60       60       14       60       1
                dataCOMRAM                           43       43       14        1       1
                bssCOMRAM                            57       57        1        1       1
                cinit                               5E6      5E6       48        4       0
                idataBANK0                          666      666       14        4       0
                idataCOMRAM                         652      652       14        4       0

TOTAL           Name                               Link     Load   Length     Space
        CLASS   CODE           
                end_init                             C0       C0        4         0
                intcode                               8        8       B8         0
                reset_vec                             0        0        4         0
                text11                              4D2      4D2       64         0
                text10                              67A      67A       12         0
                text9                               2C4      2C4      126         0
                text8                               536      536       60         0
                text7                               460      460       72         0
                text6                               62E      62E       24         0
                text5                               6A2      6A2        2         0
                text4                               69C      69C        6         0
                text3                               596      596       50         0
                text2                                C4       C4      200         0
                text1                               68C      68C       10         0
                text0                               3EA      3EA       76         0
                cinit                               5E6      5E6       48         0
                idataBANK0                          666      666       14         0
                idataCOMRAM                         652      652       14         0

        CLASS   CONST          

        CLASS   SMALLCONST     

        CLASS   MEDIUMCONST    

        CLASS   COMRAM         
                cstackCOMRAM                          1        1       42         1
                dataCOMRAM                           43       43       14         1
                bssCOMRAM                            57       57        1         1

        CLASS   ABS1           

        CLASS   BIGRAM         

        CLASS   RAM            

        CLASS   BANK0          
                dataBANK0                            60       60       14         1

        CLASS   BANK1          

        CLASS   BANK2          

        CLASS   BANK3          

        CLASS   BANK4          

        CLASS   BANK5          

        CLASS   BANK6          

        CLASS   BANK7          

        CLASS   BANK8          

        CLASS   BANK9          

        CLASS   BANK10         

        CLASS   BANK11         

        CLASS   BANK12         

        CLASS   BANK13         

        CLASS   BANK14         

        CLASS   SFR            

        CLASS   FARRAM         

        CLASS   CONFIG         
                config                            1FFF8    1FFF8        8         0

        CLASS   IDLOC          



SEGMENTS        Name                           Load    Length   Top    Selector   Space  Class

                reset_vec                      000000  000004  000004         0       0  CODE    
                cstackCOMRAM                   000001  000057  000058         1       1  COMRAM  
                intcode                        000008  00069C  0006A4         4       0  CODE    
                dataBANK0                      000060  000014  000074        60       1  BANK0   
                config                         01FFF8  000008  020000     1FFF8       0  CONFIG  


UNUSED ADDRESS RANGES

        Name                Unused          Largest block    Delta
        BANK0            00074-000FF              8C
        BANK1            00100-001FF             100
        BANK10           00A00-00AFF             100
        BANK11           00B00-00BFF             100
        BANK12           00C00-00CFF             100
        BANK13           00D00-00DFF             100
        BANK14           00E00-00EAF              B0
        BANK2            00200-002FF             100
        BANK3            00300-003FF             100
        BANK4            00400-004FF             100
        BANK5            00500-005FF             100
        BANK6            00600-006FF             100
        BANK7            00700-007FF             100
        BANK8            00800-008FF             100
        BANK9            00900-009FF             100
        BIGRAM           00058-0005F               8
                         00074-00EAF             E3C
        CODE             00004-00007               4
                         006A4-1FFF7           1F954
        COMRAM           00058-0005F               8
        CONST            00004-00007               4
                         006A4-1FFF7           1F954
        MEDIUMCONST      00F00-0FFFF            F100
                         10F00-1FFF7            F0F8
        RAM              00074-00EAF             100
        SFR              00EB0-00FFF              60
        SMALLCONST       00F00-1FFF7             100

                                  Symbol Table

?_advance_state          cstackCOMRAM  0000F
?_build_gui              cstackCOMRAM  0000F
?_check_result           cstackCOMRAM  00016
?_get_state              cstackCOMRAM  0000F
?_init_buttons           cstackCOMRAM  0000F
?_init_puzzle            cstackCOMRAM  0000F
?_set_output             cstackCOMRAM  00016
?_update_buttons         cstackCOMRAM  0000F
?_update_puzzle          cstackCOMRAM  00011
Result@adc_range         dataCOMRAM    00043
_ADCON0bits              (abs)         00FC2
_ADCON1                  (abs)         00FC1
_ADRES                   (abs)         00FC3
_INTCONbits              (abs)         00FF2
_ISR                     intcode       00008
_LATBbits                (abs)         00F8A
_PORTAbits               (abs)         00F80
_PORTCbits               (abs)         00F82
_T0CONbits               (abs)         00FD5
_TMR0IE                  (abs)         07F95
_TMR0IF                  (abs)         07F92
__CFG_ADCSEL$BIT10       (abs)         00000
__CFG_CFGPLLEN$OFF       (abs)         00000
__CFG_CLKOEC$ON          (abs)         00000
__CFG_CP0$OFF            (abs)         00000
__CFG_CPUDIV$OSC1        (abs)         00000
__CFG_DSBOREN$ON         (abs)         00000
__CFG_DSWDTEN$ON         (abs)         00000
__CFG_DSWDTOSC$INTOSCREF (abs)         00000
__CFG_DSWDTPS$G2         (abs)         00000
__CFG_FCMEN$ON           (abs)         00000
__CFG_IESO$ON            (abs)         00000
__CFG_IOL1WAY$ON         (abs)         00000
__CFG_LS48MHZ$SYS48X8    (abs)         00000
__CFG_MSSP7B_EN$MSK7     (abs)         00000
__CFG_OSC$ECPLL          (abs)         00000
__CFG_PLLDIV$1           (abs)         00000
__CFG_RTCOSC$T1OSCREF    (abs)         00000
__CFG_SOSCSEL$HIGH       (abs)         00000
__CFG_STVREN$ON          (abs)         00000
__CFG_WDTEN$OFF          (abs)         00000
__CFG_WDTPS$32768        (abs)         00000
__CFG_WPCFG$OFF          (abs)         00000
__CFG_WPDIS$OFF          (abs)         00000
__CFG_WPEND$PAGE_WPFP    (abs)         00000
__CFG_WPFP$PAGE_127      (abs)         00000
__CFG_XINST$OFF          (abs)         00000
__HRAM                   (abs)         00000
__Habs1                  abs1          00000
__Hbank0                 bank0         00000
__Hbank1                 bank1         00000
__Hbank10                bank10        00000
__Hbank11                bank11        00000
__Hbank12                bank12        00000
__Hbank13                bank13        00000
__Hbank14                bank14        00000
__Hbank2                 bank2         00000
__Hbank3                 bank3         00000
__Hbank4                 bank4         00000
__Hbank5                 bank5         00000
__Hbank6                 bank6         00000
__Hbank7                 bank7         00000
__Hbank8                 bank8         00000
__Hbank9                 bank9         00000
__Hbigbss                bigbss        00000
__Hbigdata               bigdata       00000
__Hbigram                bigram        00000
__Hbss                   bss           00000
__HbssCOMRAM             bssCOMRAM     00000
__Hcinit                 cinit         00000
__Hclrtext               clrtext       00000
__Hcomram                comram        00000
__Hconfig                config        20000
__Hconst                 const         00000
__HcstackCOMRAM          cstackCOMRAM  00000
__Hdata                  data          00000
__HdataBANK0             dataBANK0     00000
__HdataCOMRAM            dataCOMRAM    00000
__Hend_init              end_init      000C4
__Hfarbss                farbss        00000
__Hfardata               fardata       00000
__Hibigdata              ibigdata      00000
__Hidata                 idata         00000
__HidataBANK0            idataBANK0    00000
__HidataCOMRAM           idataCOMRAM   00000
__Hidloc                 idloc         00000
__Hifardata              ifardata      00000
__Hinit                  init          000C0
__Hintcode               intcode       000C0
__Hintcode_body          intcode_body  00000
__Hintcodelo             intcodelo     000C0
__Hintentry              intentry      00000
__Hintret                intret        00000
__Hintsave_regs          intsave_regs  00000
__Hirdata                irdata        00000
__Hjflash_buffer         jflash_buffer 1F800
__Hmediumconst           mediumconst   00000
__Hnvbit                 nvbit         00000
__Hnvrram                nvrram        00000
__Hparam                 rparam        00000
__Hpowerup               powerup       000C0
__Hram                   ram           00000
__Hramtop                ramtop        00F00
__Hrbit                  rbit          00000
__Hrbss                  rbss          00000
__Hrdata                 rdata         00000
__Hreset_vec             reset_vec     00004
__Hrparam                rparam        00000
__Hsfr                   sfr           00000
__Hsmallconst            smallconst    00000
__Hstruct                struct        00000
__Htemp                  temp          00000
__Htext                  text          00000
__Htext0                 text0         00000
__Htext1                 text1         00000
__Htext10                text10        00000
__Htext11                text11        00000
__Htext2                 text2         00000
__Htext3                 text3         00000
__Htext4                 text4         00000
__Htext5                 text5         00000
__Htext6                 text6         00000
__Htext7                 text7         00000
__Htext8                 text8         00000
__Htext9                 text9         00000
__LRAM                   (abs)         00001
__Labs1                  abs1          00000
__Lbank0                 bank0         00000
__Lbank1                 bank1         00000
__Lbank10                bank10        00000
__Lbank11                bank11        00000
__Lbank12                bank12        00000
__Lbank13                bank13        00000
__Lbank14                bank14        00000
__Lbank2                 bank2         00000
__Lbank3                 bank3         00000
__Lbank4                 bank4         00000
__Lbank5                 bank5         00000
__Lbank6                 bank6         00000
__Lbank7                 bank7         00000
__Lbank8                 bank8         00000
__Lbank9                 bank9         00000
__Lbigbss                bigbss        00000
__Lbigdata               bigdata       00000
__Lbigram                bigram        00000
__Lbss                   bss           00000
__LbssCOMRAM             bssCOMRAM     00000
__Lcinit                 cinit         00000
__Lclrtext               clrtext       00000
__Lcomram                comram        00000
__Lconfig                config        1FFF8
__Lconst                 const         00000
__LcstackCOMRAM          cstackCOMRAM  00000
__Ldata                  data          00000
__LdataBANK0             dataBANK0     00000
__LdataCOMRAM            dataCOMRAM    00000
__Lend_init              end_init      000C0
__Lfarbss                farbss        00000
__Lfardata               fardata       00000
__Libigdata              ibigdata      00000
__Lidata                 idata         00000
__LidataBANK0            idataBANK0    00000
__LidataCOMRAM           idataCOMRAM   00000
__Lidloc                 idloc         00000
__Lifardata              ifardata      00000
__Linit                  init          000C0
__Lintcode               intcode       00008
__Lintcode_body          intcode_body  00000
__Lintcodelo             intcodelo     000C0
__Lintentry              intentry      00000
__Lintret                intret        00000
__Lintsave_regs          intsave_regs  00000
__Lirdata                irdata        00000
__Ljflash_buffer         jflash_buffer 1F800
__Lmediumconst           mediumconst   00000
__Lnvbit                 nvbit         00000
__Lnvrram                nvrram        00000
__Lparam                 rparam        00000
__Lpowerup               powerup       000C0
__Lram                   ram           00000
__Lramtop                ramtop        00F00
__Lrbit                  rbit          00000
__Lrbss                  rbss          00000
__Lrdata                 rdata         00000
__Lreset_vec             reset_vec     00000
__Lrparam                rparam        00000
__Lsfr                   sfr           00000
__Lsmallconst            smallconst    00000
__Lstruct                struct        00000
__Ltemp                  temp          00000
__Ltext                  text          00000
__Ltext0                 text0         00000
__Ltext1                 text1         00000
__Ltext10                text10        00000
__Ltext11                text11        00000
__Ltext2                 text2         00000
__Ltext3                 text3         00000
__Ltext4                 text4         00000
__Ltext5                 text5         00000
__Ltext6                 text6         00000
__Ltext7                 text7         00000
__Ltext8                 text8         00000
__Ltext9                 text9         00000
__S0                     (abs)         20000
__S1                     (abs)         00074
__accesstop              (abs)         00060
__activetblptr           (abs)         00000
__end_of_ISR             intcode       000C0
__end_of__initialization cinit         00628
__end_of_advance_state   text10        0068C
__end_of_build_gui       text5         006A4
__end_of_check_result    text9         003EA
__end_of_get_state       text11        00536
__end_of_init_buttons    text3         005E6
__end_of_init_inputs     text4         006A2
__end_of_init_puzzle     text2         002C4
__end_of_main            text0         00460
__end_of_set_output      text7         004D2
__end_of_setup_int       text1         0069C
__end_of_update_buttons  text8         00596
__end_of_update_puzzle   text6         00652
__initialization         cinit         005E6
__mediumconst            mediumconst   00000
__pbssCOMRAM             bssCOMRAM     00057
__pcinit                 cinit         005E6
__pcstackCOMRAM          cstackCOMRAM  00001
__pdataBANK0             dataBANK0     00060
__pdataCOMRAM            dataCOMRAM    00043
__pidataBANK0            idataBANK0    00666
__pidataCOMRAM           idataCOMRAM   00652
__pintcode               intcode       00008
__ptext0                 text0         003EA
__ptext1                 text1         0068C
__ptext10                text10        0067A
__ptext11                text11        004D2
__ptext2                 text2         000C4
__ptext3                 text3         00596
__ptext4                 text4         0069C
__ptext5                 text5         006A2
__ptext6                 text6         0062E
__ptext7                 text7         00460
__ptext8                 text8         00536
__ptext9                 text9         002C4
__ramtop                 ramtop        00F00
__size_of_ISR            (abs)         00000
__size_of_advance_state  (abs)         00000
__size_of_build_gui      (abs)         00000
__size_of_check_result   (abs)         00000
__size_of_get_state      (abs)         00000
__size_of_init_buttons   (abs)         00000
__size_of_init_inputs    (abs)         00000
__size_of_init_puzzle    (abs)         00000
__size_of_main           (abs)         00000
__size_of_set_output     (abs)         00000
__size_of_setup_int      (abs)         00000
__size_of_update_buttons (abs)         00000
__size_of_update_puzzle  (abs)         00000
__smallconst             smallconst    00000
_advance_state           text10        0067A
_build_gui               text5         006A2
_check_result            text9         002C4
_flags                   bssCOMRAM     00057
_get_state               text11        004D2
_init_buttons            text3         00596
_init_inputs             text4         0069C
_init_puzzle             text2         000C4
_main                    text0         003EA
_set_output              text7         00460
_setup_int               text1         0068C
_update_buttons          text8         00536
_update_puzzle           text6         0062E
advance_state@puzzle     cstackCOMRAM  0000F
check_result@input       cstackCOMRAM  00019
check_result@output      cstackCOMRAM  00018
check_result@puzzle      cstackCOMRAM  00016
end_of_initialization    cinit         00628
get_state@input          cstackCOMRAM  00013
get_state@output         cstackCOMRAM  00011
get_state@puzzle         cstackCOMRAM  0000F
init_buttons@buttons     cstackCOMRAM  0000F
init_puzzle@puzzle       cstackCOMRAM  0000F
intlevel0                text          00000
intlevel1                text          00000
intlevel2                text          00000
intlevel3                text          00000
main@buttons             cstackCOMRAM  0001D
main@puzzle              cstackCOMRAM  00022
main@result              cstackCOMRAM  0001C
set_output@input         cstackCOMRAM  00019
set_output@output        cstackCOMRAM  0001A
set_output@puzzle        cstackCOMRAM  00016
start                    init          000C0
start_initialization     cinit         005E6
update_buttons@buttons   cstackCOMRAM  0000F
update_puzzle@buttons    cstackCOMRAM  00013
update_puzzle@puzzle     cstackCOMRAM  00011


FUNCTION INFORMATION:

 *************** function _main *****************
 Defined at:
		line 29 in file "main.c"
 Parameters:    Size  Location     Type
		None
 Auto vars:     Size  Location     Type
  puzzle         33   33[COMRAM] struct puzzleStruct
  buttons         5   28[COMRAM] struct buttonStruct
  result          1   27[COMRAM] unsigned char 
 Return value:  Size  Location     Type
		None               void
 Registers used:
		wreg, fsr0l, fsr0h, fsr1l, fsr1h, fsr2l, fsr2h, status,2, status,0, pclat, tosl, structret, tblptrl, tblptrh, tblptru, prodl, prodh, bsr, cstack
 Tracked objects:
		On entry : 
		On exit  : 
		Unchanged: 
 Data sizes:     COMRAM   BANK0   BANK1   BANK2   BANK3   BANK4   BANK5   BANK6   BANK7   BANK8   BANK9  BANK10  BANK11  BANK12  BANK13  BANK14
      Params:         0       0       0       0       0       0       0       0       0       0       0       0       0       0       0       0
      Locals:        39       0       0       0       0       0       0       0       0       0       0       0       0       0       0       0
      Temps:          1       0       0       0       0       0       0       0       0       0       0       0       0       0       0       0
      Totals:        40       0       0       0       0       0       0       0       0       0       0       0       0       0       0       0
Total ram usage:       40 bytes
 Hardware stack levels required when called:    3
 This function calls:
		_setup_int
		_init_puzzle
		_init_buttons
		_init_inputs
		_build_gui
		_update_puzzle
		_set_output
		_update_buttons
		_check_result
 This function is called by:
		Startup code after reset
 This function uses a non-reentrant model


 *************** function _setup_int *****************
 Defined at:
		line 24 in file "Interrupts.c"
 Parameters:    Size  Location     Type
		None
 Auto vars:     Size  Location     Type
		None
 Return value:  Size  Location     Type
		None               void
 Registers used:
		None
 Tracked objects:
		On entry : 
		On exit  : 
		Unchanged: 
 Data sizes:     COMRAM   BANK0   BANK1   BANK2   BANK3   BANK4   BANK5   BANK6   BANK7   BANK8   BANK9  BANK10  BANK11  BANK12  BANK13  BANK14
      Params:         0       0       0       0       0       0       0       0       0       0       0       0       0       0       0       0
      Locals:         0       0       0       0       0       0       0       0       0       0       0       0       0       0       0       0
      Temps:          0       0       0       0       0       0       0       0       0       0       0       0       0       0       0       0
      Totals:         0       0       0       0       0       0       0       0       0       0       0       0       0       0       0       0
Total ram usage:        0 bytes
 Hardware stack levels used:    1
 Hardware stack levels required when called:    1
 This function calls:
		Nothing
 This function is called by:
		_main
 This function uses a non-reentrant model


 *************** function _init_puzzle *****************
 Defined at:
		line 5 in file "Puzzle.c"
 Parameters:    Size  Location     Type
  puzzle          2   14[COMRAM] PTR struct puzzleStruct
		 -> main@puzzle(33), 
 Auto vars:     Size  Location     Type
		None
 Return value:  Size  Location     Type
		None               void
 Registers used:
		wreg, fsr2l, fsr2h, status,2, status,0
 Tracked objects:
		On entry : 
		On exit  : 
		Unchanged: 
 Data sizes:     COMRAM   BANK0   BANK1   BANK2   BANK3   BANK4   BANK5   BANK6   BANK7   BANK8   BANK9  BANK10  BANK11  BANK12  BANK13  BANK14
      Params:         2       0       0       0       0       0       0       0       0       0       0       0       0       0       0       0
      Locals:         0       0       0       0       0       0       0       0       0       0       0       0       0       0       0       0
      Temps:          0       0       0       0       0       0       0       0       0       0       0       0       0       0       0       0
      Totals:         2       0       0       0       0       0       0       0       0       0       0       0       0       0       0       0
Total ram usage:        2 bytes
 Hardware stack levels used:    1
 Hardware stack levels required when called:    1
 This function calls:
		Nothing
 This function is called by:
		_main
 This function uses a non-reentrant model


 *************** function _init_buttons *****************
 Defined at:
		line 4 in file "Buttons.c"
 Parameters:    Size  Location     Type
  buttons         2   14[COMRAM] PTR struct buttonStruct
		 -> main@buttons(5), 
 Auto vars:     Size  Location     Type
		None
 Return value:  Size  Location     Type
		None               void
 Registers used:
		wreg, fsr2l, fsr2h, status,2, status,0
 Tracked objects:
		On entry : 
		On exit  : 
		Unchanged: 
 Data sizes:     COMRAM   BANK0   BANK1   BANK2   BANK3   BANK4   BANK5   BANK6   BANK7   BANK8   BANK9  BANK10  BANK11  BANK12  BANK13  BANK14
      Params:         2       0       0       0       0       0       0       0       0       0       0       0       0       0       0       0
      Locals:         0       0       0       0       0       0       0       0       0       0       0       0       0       0       0       0
      Temps:          0       0       0       0       0       0       0       0       0       0       0       0       0       0       0       0
      Totals:         2       0       0       0       0       0       0       0       0       0       0       0       0       0       0       0
Total ram usage:        2 bytes
 Hardware stack levels used:    1
 Hardware stack levels required when called:    1
 This function calls:
		Nothing
 This function is called by:
		_main
		_reset_buttons
 This function uses a non-reentrant model


 *************** function _init_inputs *****************
 Defined at:
		line 40 in file "Result.c"
 Parameters:    Size  Location     Type
		None
 Auto vars:     Size  Location     Type
		None
 Return value:  Size  Location     Type
		None               void
 Registers used:
		wreg, status,2
 Tracked objects:
		On entry : 
		On exit  : 
		Unchanged: 
 Data sizes:     COMRAM   BANK0   BANK1   BANK2   BANK3   BANK4   BANK5   BANK6   BANK7   BANK8   BANK9  BANK10  BANK11  BANK12  BANK13  BANK14
      Params:         0       0       0       0       0       0       0       0       0       0       0       0       0       0       0       0
      Locals:         0       0       0       0       0       0       0       0       0       0       0       0       0       0       0       0
      Temps:          0       0       0       0       0       0       0       0       0       0       0       0       0       0       0       0
      Totals:         0       0       0       0       0       0       0       0       0       0       0       0       0       0       0       0
Total ram usage:        0 bytes
 Hardware stack levels used:    1
 Hardware stack levels required when called:    1
 This function calls:
		Nothing
 This function is called by:
		_main
 This function uses a non-reentrant model


 *************** function _build_gui *****************
 Defined at:
		line 3 in file "GUI.c"
 Parameters:    Size  Location     Type
  puzzle_data     2   14[COMRAM] PTR void 
		 -> main@puzzle(33), 
 Auto vars:     Size  Location     Type
		None
 Return value:  Size  Location     Type
                  3   14[COMRAM] PTR void 
 Registers used:
		None
 Tracked objects:
		On entry : 
		On exit  : 
		Unchanged: 
 Data sizes:     COMRAM   BANK0   BANK1   BANK2   BANK3   BANK4   BANK5   BANK6   BANK7   BANK8   BANK9  BANK10  BANK11  BANK12  BANK13  BANK14
      Params:         2       0       0       0       0       0       0       0       0       0       0       0       0       0       0       0
      Locals:         0       0       0       0       0       0       0       0       0       0       0       0       0       0       0       0
      Temps:          0       0       0       0       0       0       0       0       0       0       0       0       0       0       0       0
      Totals:         2       0       0       0       0       0       0       0       0       0       0       0       0       0       0       0
Total ram usage:        2 bytes
 Hardware stack levels used:    1
 Hardware stack levels required when called:    1
 This function calls:
		Nothing
 This function is called by:
		_main
 This function uses a non-reentrant model


 *************** function _update_puzzle *****************
 Defined at:
		line 47 in file "Puzzle.c"
 Parameters:    Size  Location     Type
  puzzle          2   16[COMRAM] PTR struct puzzleStruct
		 -> main@puzzle(33), 
  buttons         2   18[COMRAM] PTR struct buttonStruct
		 -> main@buttons(5), 
 Auto vars:     Size  Location     Type
		None
 Return value:  Size  Location     Type
		None               void
 Registers used:
		wreg, fsr0l, fsr0h, fsr1l, fsr1h, fsr2l, fsr2h, status,2, status,0, pclat, tosl, structret, tblptrl, tblptrh, tblptru, prodl, prodh, bsr, cstack
 Tracked objects:
		On entry : 
		On exit  : 
		Unchanged: 
 Data sizes:     COMRAM   BANK0   BANK1   BANK2   BANK3   BANK4   BANK5   BANK6   BANK7   BANK8   BANK9  BANK10  BANK11  BANK12  BANK13  BANK14
      Params:         4       0       0       0       0       0       0       0       0       0       0       0       0       0       0       0
      Locals:         0       0       0       0       0       0       0       0       0       0       0       0       0       0       0       0
      Temps:          0       0       0       0       0       0       0       0       0       0       0       0       0       0       0       0
      Totals:         4       0       0       0       0       0       0       0       0       0       0       0       0       0       0       0
Total ram usage:        4 bytes
 Hardware stack levels used:    1
 Hardware stack levels required when called:    2
 This function calls:
		_advance_state
 This function is called by:
		_main
 This function uses a non-reentrant model


 *************** function _set_output *****************
 Defined at:
		line 5 in file "Outputs.c"
 Parameters:    Size  Location     Type
  puzzle          2   21[COMRAM] PTR struct puzzleStruct
		 -> main@puzzle(33), 
 Auto vars:     Size  Location     Type
  output          1   25[COMRAM] unsigned char 
  input           1   24[COMRAM] unsigned char 
 Return value:  Size  Location     Type
                  2   21[COMRAM] int 
 Registers used:
		wreg, fsr0l, fsr0h, fsr1l, fsr1h, fsr2l, fsr2h, status,2, status,0, pclat, tosl, structret, tblptrl, tblptrh, tblptru, prodl, prodh, bsr, cstack
 Tracked objects:
		On entry : 
		On exit  : 
		Unchanged: 
 Data sizes:     COMRAM   BANK0   BANK1   BANK2   BANK3   BANK4   BANK5   BANK6   BANK7   BANK8   BANK9  BANK10  BANK11  BANK12  BANK13  BANK14
      Params:         2       0       0       0       0       0       0       0       0       0       0       0       0       0       0       0
      Locals:         2       0       0       0       0       0       0       0       0       0       0       0       0       0       0       0
      Temps:          1       0       0       0       0       0       0       0       0       0       0       0       0       0       0       0
      Totals:         5       0       0       0       0       0       0       0       0       0       0       0       0       0       0       0
Total ram usage:        5 bytes
 Hardware stack levels used:    1
 Hardware stack levels required when called:    2
 This function calls:
		_get_state
 This function is called by:
		_main
 This function uses a non-reentrant model


 *************** function _update_buttons *****************
 Defined at:
		line 13 in file "Buttons.c"
 Parameters:    Size  Location     Type
  buttons         2   14[COMRAM] PTR struct buttonStruct
		 -> main@buttons(5), 
 Auto vars:     Size  Location     Type
		None
 Return value:  Size  Location     Type
		None               void
 Registers used:
		wreg, fsr2l, fsr2h, status,2, status,0
 Tracked objects:
		On entry : 
		On exit  : 
		Unchanged: 
 Data sizes:     COMRAM   BANK0   BANK1   BANK2   BANK3   BANK4   BANK5   BANK6   BANK7   BANK8   BANK9  BANK10  BANK11  BANK12  BANK13  BANK14
      Params:         2       0       0       0       0       0       0       0       0       0       0       0       0       0       0       0
      Locals:         0       0       0       0       0       0       0       0       0       0       0       0       0       0       0       0
      Temps:          0       0       0       0       0       0       0       0       0       0       0       0       0       0       0       0
      Totals:         2       0       0       0       0       0       0       0       0       0       0       0       0       0       0       0
Total ram usage:        2 bytes
 Hardware stack levels used:    1
 Hardware stack levels required when called:    1
 This function calls:
		Nothing
 This function is called by:
		_main
 This function uses a non-reentrant model


 *************** function _check_result *****************
 Defined at:
		line 5 in file "Result.c"
 Parameters:    Size  Location     Type
  puzzle          2   21[COMRAM] PTR struct puzzleStruct
		 -> main@puzzle(33), 
 Auto vars:     Size  Location     Type
  input           1   24[COMRAM] unsigned char 
  output          1   23[COMRAM] unsigned char 
 Return value:  Size  Location     Type
                  1    wreg      unsigned char 
 Registers used:
		wreg, fsr0l, fsr0h, fsr1l, fsr1h, fsr2l, fsr2h, status,2, status,0, pclat, tosl, structret, tblptrl, tblptrh, tblptru, prodl, prodh, bsr, cstack
 Tracked objects:
		On entry : 
		On exit  : 
		Unchanged: 
 Data sizes:     COMRAM   BANK0   BANK1   BANK2   BANK3   BANK4   BANK5   BANK6   BANK7   BANK8   BANK9  BANK10  BANK11  BANK12  BANK13  BANK14
      Params:         2       0       0       0       0       0       0       0       0       0       0       0       0       0       0       0
      Locals:         2       0       0       0       0       0       0       0       0       0       0       0       0       0       0       0
      Temps:          0       0       0       0       0       0       0       0       0       0       0       0       0       0       0       0
      Totals:         4       0       0       0       0       0       0       0       0       0       0       0       0       0       0       0
Total ram usage:        4 bytes
 Hardware stack levels used:    1
 Hardware stack levels required when called:    2
 This function calls:
		_get_state
 This function is called by:
		_main
 This function uses a non-reentrant model


 *************** function _advance_state *****************
 Defined at:
		line 42 in file "Puzzle.c"
 Parameters:    Size  Location     Type
  puzzle          2   14[COMRAM] PTR struct puzzleStruct
		 -> main@puzzle(33), 
 Auto vars:     Size  Location     Type
		None
 Return value:  Size  Location     Type
                  2   14[COMRAM] int 
 Registers used:
		wreg, fsr2l, fsr2h, status,2, status,0
 Tracked objects:
		On entry : 
		On exit  : 
		Unchanged: 
 Data sizes:     COMRAM   BANK0   BANK1   BANK2   BANK3   BANK4   BANK5   BANK6   BANK7   BANK8   BANK9  BANK10  BANK11  BANK12  BANK13  BANK14
      Params:         2       0       0       0       0       0       0       0       0       0       0       0       0       0       0       0
      Locals:         0       0       0       0       0       0       0       0       0       0       0       0       0       0       0       0
      Temps:          0       0       0       0       0       0       0       0       0       0       0       0       0       0       0       0
      Totals:         2       0       0       0       0       0       0       0       0       0       0       0       0       0       0       0
Total ram usage:        2 bytes
 Hardware stack levels used:    1
 Hardware stack levels required when called:    1
 This function calls:
		Nothing
 This function is called by:
		_update_puzzle
 This function uses a non-reentrant model


 *************** function _get_state *****************
 Defined at:
		line 55 in file "Puzzle.c"
 Parameters:    Size  Location     Type
  puzzle          2   14[COMRAM] PTR struct puzzleStruct
		 -> main@puzzle(33), 
  output          2   16[COMRAM] PTR unsigned char 
		 -> check_result@output(1), set_output@output(1), 
  input           2   18[COMRAM] PTR unsigned char 
		 -> check_result@input(1), set_output@input(1), 
 Auto vars:     Size  Location     Type
		None
 Return value:  Size  Location     Type
                  2   14[COMRAM] int 
 Registers used:
		wreg, fsr1l, fsr1h, fsr2l, fsr2h, status,2, status,0, prodl, prodh
 Tracked objects:
		On entry : 
		On exit  : 
		Unchanged: 
 Data sizes:     COMRAM   BANK0   BANK1   BANK2   BANK3   BANK4   BANK5   BANK6   BANK7   BANK8   BANK9  BANK10  BANK11  BANK12  BANK13  BANK14
      Params:         6       0       0       0       0       0       0       0       0       0       0       0       0       0       0       0
      Locals:         0       0       0       0       0       0       0       0       0       0       0       0       0       0       0       0
      Temps:          1       0       0       0       0       0       0       0       0       0       0       0       0       0       0       0
      Totals:         7       0       0       0       0       0       0       0       0       0       0       0       0       0       0       0
Total ram usage:        7 bytes
 Hardware stack levels used:    1
 Hardware stack levels required when called:    1
 This function calls:
		Nothing
 This function is called by:
		_set_output
		_check_result
 This function uses a non-reentrant model


 *************** function _ISR *****************
 Defined at:
		line 6 in file "Interrupts.c"
 Parameters:    Size  Location     Type
		None
 Auto vars:     Size  Location     Type
		None
 Return value:  Size  Location     Type
		None               void
 Registers used:
		None
 Tracked objects:
		On entry : 
		On exit  : 
		Unchanged: 
 Data sizes:     COMRAM   BANK0   BANK1   BANK2   BANK3   BANK4   BANK5   BANK6   BANK7   BANK8   BANK9  BANK10  BANK11  BANK12  BANK13  BANK14
      Params:         0       0       0       0       0       0       0       0       0       0       0       0       0       0       0       0
      Locals:         0       0       0       0       0       0       0       0       0       0       0       0       0       0       0       0
      Temps:         14       0       0       0       0       0       0       0       0       0       0       0       0       0       0       0
      Totals:        14       0       0       0       0       0       0       0       0       0       0       0       0       0       0       0
Total ram usage:       14 bytes
 Hardware stack levels used:    1
 This function calls:
		Nothing
 This function is called by:
		Interrupt level 2
 This function uses a non-reentrant model



MODULE INFORMATION

Module		Function		Class		Link	Load	Size
Outputs.c
		_set_output    		CODE           	0460	0000	114

Outputs.c estimated size: 114

GUI.c
		_build_gui     		CODE           	06A2	0000	2

GUI.c estimated size: 2

shared
		__initializatio		CODE           	05E6	0000	66

shared estimated size: 66

Buttons.c
		_init_buttons  		CODE           	0596	0000	80
		_update_buttons		CODE           	0536	0000	96

Buttons.c estimated size: 176

Puzzle.c
		_advance_state 		CODE           	067A	0000	18
		_init_puzzle   		CODE           	00C4	0000	512
		_update_puzzle 		CODE           	062E	0000	36
		_get_state     		CODE           	04D2	0000	100

Puzzle.c estimated size: 666

Result.c
		_init_inputs   		CODE           	069C	0000	6
		_check_result  		CODE           	02C4	0000	294

Result.c estimated size: 300

Interrupts.c
		_ISR           		CODE           	0008	0000	184
		_setup_int     		CODE           	068C	0000	16

Interrupts.c estimated size: 200

main.c
		_main          		CODE           	03EA	0000	118

main.c estimated size: 118

